// Jest Snapshot v1, https://goo.gl/fbAQLP

exports[`ProductImage Debe de mostrar el componente con la imagen del producto 1`] = `
<div
  className="productCard undefined"
>
  <img
    alt="Product Image"
    className="productImg undefined"
    src="./coffee-mug.png"
  />
</div>
`;

exports[`ProductImage Debe de mostrar el componente correctamente con la imagen personalizada 1`] = `
<img
  alt="Product Image"
  className="productImg custom-class"
  src="https://img.jpg"
/>
`;

exports[`ProductTitle Debe de mostrar el componente con el nombre del producto 1`] = `
<div
  className="productCard undefined"
>
  <span
    className="productDescription undefined"
  >
    Coffe Mug - Sin Imagen
  </span>
</div>
`;

exports[`ProductTitle Debe de mostrar el componente correctamente con el t√≠tulo personalizado 1`] = `
<span
  className="productDescription custom-class"
>
  Custom Product
</span>
`;
